// Jest Snapshot v1, https://goo.gl/fbAQLP

exports[`renders without crashing and no unexpected changes 1`] = `<form />`;
